etuierue
